
> frontend@0.0.0 build
> tsc -b && vite build

node.exe : [31mfailed to 
load config from C:\Users\a
gadi\Desktop\AI-Powered 
Worker Productivity Dashboa
rd\frontend\vite.config.ts
[39m
At line:1 char:1
+ & "C:\Program 
Files\nodejs/node.exe" 
"C:\Program 
Files\nodejs/node_mo ...
+ ~~~~~~~~~~~~~~~~~~~~~~~~~
~~~~~~~~~~~~~~~~~~~~~~~~~~~
~~~~~~~~~~~~~~~~~
    + CategoryInfo         
     : NotSpecified: ([3  
  1mfailed to ....config   
 .ts[39m:String) [], R    
emoteException
    + FullyQualifiedErrorI 
   d : NativeCommandError
 
[31merror during build:
Error 
[ERR_MODULE_NOT_FOUND]: 
Cannot find package 
'@tailwindcss/vite' 
imported from C:\Users\agad
i\Desktop\AI-Powered 
Worker Productivity Dashboa
rd\frontend\node_modules\.v
ite-temp\vite.config.ts.tim
estamp-1772354818372-464e62
021fadc.mjs
    at 
Object.getPackageJSONURL (n
ode:internal/modules/packag
e_json_reader:266:9)
    at packageResolve (node
:internal/modules/esm/resol
ve:767:81)
    at moduleResolve (node:
internal/modules/esm/resolv
e:853:18)
    at defaultResolve (node
:internal/modules/esm/resol
ve:983:11)
    at 
#cachedDefaultResolve (node
:internal/modules/esm/loade
r:717:20)
    at 
ModuleLoader.resolve (node:
internal/modules/esm/loader
:694:38)
    at ModuleLoader.getModu
leJobForImport (node:intern
al/modules/esm/loader:308:3
8)
    at ModuleJob._link (nod
e:internal/modules/esm/modu
le_job:183:49)[39m
